// Jest Snapshot v1, https://goo.gl/fbAQLP

exports[`TableData should render 1`] = `
<DocumentFragment>
  X
</DocumentFragment>
`;
